I'm sorry, but errors were detected in your script. Please correct the
errors listed below, and try again.


File "game/script.rpy", line 251: is not terminated with a newline. (Check strings and parenthesis.)
(Perhaps you left out a " at the end of the first line.)
        Z "Alright then!

Ren'Py Version: Ren'Py 8.3.4.24120703
Mon Jan 13 17:28:05 2025
